// Jest Snapshot v1, https://goo.gl/fbAQLP

exports[`Navbar component tests should properly show the component 1`] = `
<nav class="navbar bg-primary"><a class="navbar-brand text-white"><img src="" alt="Vue logo" height="24" class="d-inline-block align-text-top mx-2"> </a>
  <div class="d-flex"><button class="btn btn-outline-info mx-2"><i class="fa fa-sign-out-alt"></i></button></div>
</nav>
`;
